main.c:33:5:main	16	static
main.c:54:5:__io_putchar	16	static
main.c:63:6:uart_write	16	static
main.c:76:6:uart3_tx_init	8	static
main.c:112:6:set_uart_tranfer_direction	16	static
main.c:119:6:uart_enable	16	static
main.c:125:6:uart_set_baudrate	24	static
main.c:131:6:config_uart_parameters	24	static
main.c:138:6:set_ahb1_periph_clock	16	static
main.c:146:6:set_ahb2_periph_clock	16	static
main.c:153:6:set_apb1_periph_clock	16	static
main.c:160:6:set_apb2_periph_clock	16	static
main.c:168:6:set_pin_mod	40	static,ignoring_inline_asm
main.c:199:10:compute_uart_div	16	static
