main.c:30:5:main	16	static
main.c:50:6:uart_write	16	static
main.c:62:6:uart3_tx_init	8	static
main.c:98:6:set_uart_tranfer_direction	16	static
main.c:105:6:uart_enable	16	static
main.c:111:6:uart_set_baudrate	24	static
main.c:117:6:config_uart_parameters	24	static
main.c:124:6:set_ahb1_periph_clock	16	static
main.c:132:6:set_ahb2_periph_clock	16	static
main.c:139:6:set_apb1_periph_clock	16	static
main.c:146:6:set_apb2_periph_clock	16	static
main.c:154:6:set_pin_mod	40	static,ignoring_inline_asm
main.c:185:10:compute_uart_div	16	static
